<html>
<body>
<pre>
<h1>µVision Build Log</h1>
<h2>Tool Versions:</h2>
IDE-Version: ¶ÃVision V5.40.0.0
Copyright (C) 2024 ARM Ltd and ARM Germany GmbH. All rights reserved.
License Information:  ,  , LIC=SDA0P-M2AUH-KPLZY-ITP5R-T95MN-JSGAP
 
Tool Versions:
Toolchain:       MDK-ARM Plus  Version: 5.40.0.3
Toolchain Path:  D:\Program Files\MDK51_32\ARM\ARMCC\Bin
C Compiler:      Armcc.exe V5.06 update 7 (build 960)
Assembler:       Armasm.exe V5.06 update 7 (build 960)
Linker/Locator:  ArmLink.exe V5.06 update 7 (build 960)
Library Manager: ArmAr.exe V5.06 update 7 (build 960)
Hex Converter:   FromElf.exe V5.06 update 7 (build 960)
CPU DLL:         SARMCM3.DLL V5.40.0.3
Dialog DLL:      DCM.DLL V1.17.5.0
Target DLL:      STLink\ST-LINKIII-KEIL_SWO.dll V3.3.0.0
Dialog DLL:      TCM.DLL V1.56.4.0
 
<h2>Project:</h2>
D:\Working area\MCU\STM32\F103C8T6\project\µÁ»¸‘∆Ã®test\PRJ\STM32_UART_CMD.uvprojx
Project File Date:  07/07/2025

<h2>Output:</h2>
*** Using Compiler 'V5.06 update 7 (build 960)', folder: 'D:\Program Files\MDK51_32\ARM\ARMCC\Bin'
Build target 'STM32_PUL_WHILE'
compiling usart3.c...
compiling board.c...
compiling Emm_V5.c...
compiling main.c...
..\BSP\gimbal.h(33): warning:  #1-D: last line of file ends without a newline
  #endif
..\APP\main.c: 1 warning, 0 errors
compiling gimbal.c...
..\BSP\gimbal.h(33): warning:  #1-D: last line of file ends without a newline
  #endif
..\BSP\gimbal.c(101): warning:  #1-D: last line of file ends without a newline
  }
..\BSP\gimbal.c: 2 warnings, 0 errors
linking...
Program Size: Code=3164 RO-data=336 RW-data=44 ZI-data=2452  
FromELF: creating hex file...
".\Objects\Template.axf" - 0 Error(s), 3 Warning(s).

<h2>Software Packages used:</h2>

Package Vendor: Keil
                https://www.keil.com/pack/Keil.STM32F1xx_DFP.2.4.1.pack
                Keil::STM32F1xx_DFP@2.4.1
                STMicroelectronics STM32F1 Series Device Support, Drivers and Examples

<h2>Collection of Component include folders:</h2>
  D:/Program Files/MDK51_32/Keil/STM32F1xx_DFP/2.4.1/Device/Include

<h2>Collection of Component Files used:</h2>
Build Time Elapsed:  00:00:03
</pre>
</body>
</html>
